// Jest Snapshot v1, https://goo.gl/fbAQLP

exports[`App Should render button text correctly 1`] = `
<div>
  <button
    style="width: auto; height: 42px; padding: 0px 12px; border-radius: 6px; font-size: 14px; cursor: pointer; background: rgb(255, 255, 255); border: 1px solid #ffffff; color: rgb(0, 0, 0);"
    type="button"
  >
    Example
  </button>
</div>
`;
